// Jest Snapshot v1, https://goo.gl/fbAQLP

exports[`Renders the Quote page 1`] = `
<div
  className="quote-body"
>
  <h1>
    <q
      className="quote"
    >
      Mathematics expresses values that reflect the cosmos, including orderliness, balance, harmony, logic, and abstract beauty.
    </q>
    <div
      className="author"
    >
      âŽ¯ Deepak Chopra
    </div>
  </h1>
</div>
`;
